INFO  17:14:05,572 - Compiling source file: C:\Users\Dusan\Desktop\pp1lab.templateAST\workspace\MJCompiler\test\program.mj
INFO  17:14:05,600 - #2 program
INFO  17:14:05,600 - #39 niztest
INFO  17:14:05,601 - #31 enum
INFO  17:14:05,601 - #39 IncrementType
INFO  17:14:05,601 - #3 {
INFO  17:14:05,601 - #39 BY_ONE
INFO  17:14:05,602 - #8 ,
INFO  17:14:05,602 - #39 DOUBLE_VALUE
INFO  17:14:05,602 - #8 ,
INFO  17:14:05,602 - #39 trojka
INFO  17:14:05,602 - #12 =
INFO  17:14:05,602 - #38 3
INFO  17:14:05,602 - #4 }
INFO  17:14:05,602 - #28 const
INFO  17:14:05,603 - #39 int
INFO  17:14:05,603 - #39 a
INFO  17:14:05,603 - #12 =
INFO  17:14:05,603 - #38 2
INFO  17:14:05,603 - #5 ;
INFO  17:14:05,604 - #28 const
INFO  17:14:05,606 - #39 int
INFO  17:14:05,606 - #39 b
INFO  17:14:05,606 - #12 =
INFO  17:14:05,606 - #38 3
INFO  17:14:05,606 - #5 ;
INFO  17:14:05,606 - #39 int
INFO  17:14:05,606 - #39 i
INFO  17:14:05,606 - #5 ;
INFO  17:14:05,607 - #39 int
INFO  17:14:05,607 - #39 niz
INFO  17:14:05,607 - #20 [
INFO  17:14:05,608 - #21 ]
INFO  17:14:05,608 - #5 ;
INFO  17:14:05,608 - #3 {
INFO  17:14:05,608 - #13 void
INFO  17:14:05,608 - #39 main
INFO  17:14:05,608 - #6 (
INFO  17:14:05,608 - #7 )
INFO  17:14:05,609 - #3 {
INFO  17:14:05,609 - #39 niz
INFO  17:14:05,609 - #12 =
INFO  17:14:05,610 - #19 new
INFO  17:14:05,610 - #39 int
INFO  17:14:05,610 - #20 [
INFO  17:14:05,610 - #39 a
INFO  17:14:05,610 - #21 ]
INFO  17:14:05,611 - #3 {
INFO  17:14:05,611 - #38 1
INFO  17:14:05,611 - #8 ,
INFO  17:14:05,612 - #38 2
INFO  17:14:05,612 - #4 }
INFO  17:14:05,612 - #5 ;
INFO  17:14:05,612 - #39 niz
INFO  17:14:05,612 - #12 =
INFO  17:14:05,612 - #19 new
INFO  17:14:05,612 - #39 int
INFO  17:14:05,613 - #20 [
INFO  17:14:05,613 - #39 a
INFO  17:14:05,613 - #21 ]
INFO  17:14:05,613 - #3 {
INFO  17:14:05,613 - #38 1
INFO  17:14:05,613 - #8 ,
INFO  17:14:05,613 - #38 2
INFO  17:14:05,613 - #4 }
INFO  17:14:05,613 - #5 ;
INFO  17:14:05,613 - #39 niz
INFO  17:14:05,613 - #12 =
INFO  17:14:05,613 - #19 new
INFO  17:14:05,613 - #39 int
INFO  17:14:05,613 - #20 [
INFO  17:14:05,613 - #38 1
INFO  17:14:05,613 - #11 +
INFO  17:14:05,614 - #38 3
INFO  17:14:05,614 - #11 +
INFO  17:14:05,615 - #38 4
INFO  17:14:05,615 - #11 +
INFO  17:14:05,615 - #38 5
INFO  17:14:05,615 - #21 ]
INFO  17:14:05,615 - #5 ;
INFO  17:14:05,615 - #39 niz
INFO  17:14:05,615 - #20 [
INFO  17:14:05,615 - #38 10
INFO  17:14:05,615 - #21 ]
INFO  17:14:05,615 - #12 =
INFO  17:14:05,615 - #38 99
INFO  17:14:05,615 - #5 ;
INFO  17:14:05,615 - #9 print
INFO  17:14:05,615 - #6 (
INFO  17:14:05,615 - #39 niz
INFO  17:14:05,615 - #20 [
INFO  17:14:05,615 - #39 IncrementType
INFO  17:14:05,616 - #22 .
INFO  17:14:05,616 - #39 DOUBLE_VALUE
INFO  17:14:05,616 - #11 +
INFO  17:14:05,616 - #38 9
INFO  17:14:05,616 - #21 ]
INFO  17:14:05,616 - #7 )
INFO  17:14:05,616 - #5 ;
INFO  17:14:05,616 - #9 print
INFO  17:14:05,616 - #6 (
INFO  17:14:05,616 - #39 niz
INFO  17:14:05,616 - #20 [
INFO  17:14:05,616 - #38 0
INFO  17:14:05,616 - #21 ]
INFO  17:14:05,616 - #7 )
INFO  17:14:05,616 - #5 ;
INFO  17:14:05,616 - #39 niz
INFO  17:14:05,616 - #12 =
INFO  17:14:05,616 - #19 new
INFO  17:14:05,616 - #39 int
INFO  17:14:05,616 - #20 [
INFO  17:14:05,616 - #39 IncrementType
INFO  17:14:05,616 - #22 .
INFO  17:14:05,616 - #39 trojka
INFO  17:14:05,616 - #21 ]
INFO  17:14:05,617 - #3 {
INFO  17:14:05,617 - #38 1
INFO  17:14:05,617 - #8 ,
INFO  17:14:05,617 - #38 2
INFO  17:14:05,617 - #8 ,
INFO  17:14:05,617 - #38 3
INFO  17:14:05,617 - #4 }
INFO  17:14:05,617 - #5 ;
INFO  17:14:05,617 - #9 print
INFO  17:14:05,617 - #6 (
INFO  17:14:05,617 - #39 niz
INFO  17:14:05,617 - #20 [
INFO  17:14:05,617 - #38 1
INFO  17:14:05,617 - #21 ]
INFO  17:14:05,617 - #7 )
INFO  17:14:05,617 - #5 ;
INFO  17:14:05,617 - #9 print
INFO  17:14:05,617 - #6 (
INFO  17:14:05,617 - #39 niz
INFO  17:14:05,617 - #20 [
INFO  17:14:05,617 - #38 2
INFO  17:14:05,617 - #21 ]
INFO  17:14:05,617 - #7 )
INFO  17:14:05,617 - #5 ;
INFO  17:14:05,617 - #4 }
INFO  17:14:05,618 - #4 }
INFO  17:14:05,620 - Program(
  ProgName(
   niztest
  ) [ProgName]
  VarDeclarations(
    VarDeclarations(
      VarDeclarations(
        VarDeclarations(
          VarDeclarations(
            NoVarDecl(
            ) [NoVarDecl]
            EnumDecl(
              EnumName(
               IncrementType
              ) [EnumName]
              EnumLst(
                EnumLst(
                  EnumElem(
                   BY_ONE
                    EnumNoNmbr(
                    ) [EnumNoNmbr]
                  ) [EnumElem]
                 DOUBLE_VALUE
                  EnumNoNmbr(
                  ) [EnumNoNmbr]
                ) [EnumLst]
               trojka
                EnumNmbr(
                 3
                ) [EnumNmbr]
              ) [EnumLst]
            ) [EnumDecl]
          ) [VarDeclarations]
          ConstDecl(
            Type(
             int
            ) [Type]
           a
            ConstDefNum(
             2
            ) [ConstDefNum]
            CnstListEmpty(
            ) [CnstListEmpty]
          ) [ConstDecl]
        ) [VarDeclarations]
        ConstDecl(
          Type(
           int
          ) [Type]
         b
          ConstDefNum(
           3
          ) [ConstDefNum]
          CnstListEmpty(
          ) [CnstListEmpty]
        ) [ConstDecl]
      ) [VarDeclarations]
      VarDecl(
        Type(
         int
        ) [Type]
       i
        ArrayOptN(
        ) [ArrayOptN]
        VarListN(
        ) [VarListN]
      ) [VarDecl]
    ) [VarDeclarations]
    VarDecl(
      Type(
       int
      ) [Type]
     niz
      ArrayOptY(
      ) [ArrayOptY]
      VarListN(
      ) [VarListN]
    ) [VarDecl]
  ) [VarDeclarations]
  MethodDeclarations(
    NoMethodDecl(
    ) [NoMethodDecl]
    MethodDecl(
      MethodTypeVoid(
       main
      ) [MethodTypeVoid]
      NoFormParam(
      ) [NoFormParam]
      NoVarDecl(
      ) [NoVarDecl]
      Statements(
        Statements(
          Statements(
            Statements(
              Statements(
                Statements(
                  Statements(
                    Statements(
                      Statements(
                        NoStmt(
                        ) [NoStmt]
                        MatchedStmt(
                          MatchedDesignatorStatement(
                            Assignment(
                              Designator(
                               niz
                                NoDesignatorOptions(
                                ) [NoDesignatorOptions]
                              ) [Designator]
                              TermExpr(
                                Term(
                                  FactorNewArrInit(
                                    Type(
                                     int
                                    ) [Type]
                                    LsquareNt(
                                    ) [LsquareNt]
                                    DuzinaNiza(
                                      TermExpr(
                                        Term(
                                          Var(
                                            Designator(
                                             a
                                              NoDesignatorOptions(
                                              ) [NoDesignatorOptions]
                                            ) [Designator]
                                          ) [Var]
                                          NoFactor(
                                          ) [NoFactor]
                                        ) [Term]
                                      ) [TermExpr]
                                    ) [DuzinaNiza]
                                    NewInitListYes(
                                      InitListYes(
                                        InitListNo(
                                          TermExpr(
                                            Term(
                                              Const(
                                               1
                                              ) [Const]
                                              NoFactor(
                                              ) [NoFactor]
                                            ) [Term]
                                          ) [TermExpr]
                                        ) [InitListNo]
                                        TermExpr(
                                          Term(
                                            Const(
                                             2
                                            ) [Const]
                                            NoFactor(
                                            ) [NoFactor]
                                          ) [Term]
                                        ) [TermExpr]
                                      ) [InitListYes]
                                    ) [NewInitListYes]
                                  ) [FactorNewArrInit]
                                  NoFactor(
                                  ) [NoFactor]
                                ) [Term]
                              ) [TermExpr]
                            ) [Assignment]
                          ) [MatchedDesignatorStatement]
                        ) [MatchedStmt]
                      ) [Statements]
                      MatchedStmt(
                        MatchedDesignatorStatement(
                          Assignment(
                            Designator(
                             niz
                              NoDesignatorOptions(
                              ) [NoDesignatorOptions]
                            ) [Designator]
                            TermExpr(
                              Term(
                                FactorNewArrInit(
                                  Type(
                                   int
                                  ) [Type]
                                  LsquareNt(
                                  ) [LsquareNt]
                                  DuzinaNiza(
                                    TermExpr(
                                      Term(
                                        Var(
                                          Designator(
                                           a
                                            NoDesignatorOptions(
                                            ) [NoDesignatorOptions]
                                          ) [Designator]
                                        ) [Var]
                                        NoFactor(
                                        ) [NoFactor]
                                      ) [Term]
                                    ) [TermExpr]
                                  ) [DuzinaNiza]
                                  NewInitListYes(
                                    InitListYes(
                                      InitListNo(
                                        TermExpr(
                                          Term(
                                            Const(
                                             1
                                            ) [Const]
                                            NoFactor(
                                            ) [NoFactor]
                                          ) [Term]
                                        ) [TermExpr]
                                      ) [InitListNo]
                                      TermExpr(
                                        Term(
                                          Const(
                                           2
                                          ) [Const]
                                          NoFactor(
                                          ) [NoFactor]
                                        ) [Term]
                                      ) [TermExpr]
                                    ) [InitListYes]
                                  ) [NewInitListYes]
                                ) [FactorNewArrInit]
                                NoFactor(
                                ) [NoFactor]
                              ) [Term]
                            ) [TermExpr]
                          ) [Assignment]
                        ) [MatchedDesignatorStatement]
                      ) [MatchedStmt]
                    ) [Statements]
                    MatchedStmt(
                      MatchedDesignatorStatement(
                        Assignment(
                          Designator(
                           niz
                            NoDesignatorOptions(
                            ) [NoDesignatorOptions]
                          ) [Designator]
                          TermExpr(
                            Term(
                              FactorNewArr(
                                Type(
                                 int
                                ) [Type]
                                LsquareNt(
                                ) [LsquareNt]
                                DuzinaNiza(
                                  AddExpr(
                                    AddExpr(
                                      AddExpr(
                                        TermExpr(
                                          Term(
                                            Const(
                                             1
                                            ) [Const]
                                            NoFactor(
                                            ) [NoFactor]
                                          ) [Term]
                                        ) [TermExpr]
                                        Plusop(
                                        ) [Plusop]
                                        Term(
                                          Const(
                                           3
                                          ) [Const]
                                          NoFactor(
                                          ) [NoFactor]
                                        ) [Term]
                                      ) [AddExpr]
                                      Plusop(
                                      ) [Plusop]
                                      Term(
                                        Const(
                                         4
                                        ) [Const]
                                        NoFactor(
                                        ) [NoFactor]
                                      ) [Term]
                                    ) [AddExpr]
                                    Plusop(
                                    ) [Plusop]
                                    Term(
                                      Const(
                                       5
                                      ) [Const]
                                      NoFactor(
                                      ) [NoFactor]
                                    ) [Term]
                                  ) [AddExpr]
                                ) [DuzinaNiza]
                              ) [FactorNewArr]
                              NoFactor(
                              ) [NoFactor]
                            ) [Term]
                          ) [TermExpr]
                        ) [Assignment]
                      ) [MatchedDesignatorStatement]
                    ) [MatchedStmt]
                  ) [Statements]
                  MatchedStmt(
                    MatchedDesignatorStatement(
                      Assignment(
                        Designator(
                         niz
                          SquareDesignatorOption(
                            TermExpr(
                              Term(
                                Const(
                                 10
                                ) [Const]
                                NoFactor(
                                ) [NoFactor]
                              ) [Term]
                            ) [TermExpr]
                          ) [SquareDesignatorOption]
                        ) [Designator]
                        TermExpr(
                          Term(
                            Const(
                             99
                            ) [Const]
                            NoFactor(
                            ) [NoFactor]
                          ) [Term]
                        ) [TermExpr]
                      ) [Assignment]
                    ) [MatchedDesignatorStatement]
                  ) [MatchedStmt]
                ) [Statements]
                MatchedStmt(
                  PrintStmt(
                    TermExpr(
                      Term(
                        Var(
                          Designator(
                           niz
                            SquareDesignatorOption(
                              AddExpr(
                                TermExpr(
                                  Term(
                                    Var(
                                      Designator(
                                       IncrementType
                                        DotDesignatorOption(
                                         DOUBLE_VALUE
                                        ) [DotDesignatorOption]
                                      ) [Designator]
                                    ) [Var]
                                    NoFactor(
                                    ) [NoFactor]
                                  ) [Term]
                                ) [TermExpr]
                                Plusop(
                                ) [Plusop]
                                Term(
                                  Const(
                                   9
                                  ) [Const]
                                  NoFactor(
                                  ) [NoFactor]
                                ) [Term]
                              ) [AddExpr]
                            ) [SquareDesignatorOption]
                          ) [Designator]
                        ) [Var]
                        NoFactor(
                        ) [NoFactor]
                      ) [Term]
                    ) [TermExpr]
                  ) [PrintStmt]
                ) [MatchedStmt]
              ) [Statements]
              MatchedStmt(
                PrintStmt(
                  TermExpr(
                    Term(
                      Var(
                        Designator(
                         niz
                          SquareDesignatorOption(
                            TermExpr(
                              Term(
                                Const(
                                 0
                                ) [Const]
                                NoFactor(
                                ) [NoFactor]
                              ) [Term]
                            ) [TermExpr]
                          ) [SquareDesignatorOption]
                        ) [Designator]
                      ) [Var]
                      NoFactor(
                      ) [NoFactor]
                    ) [Term]
                  ) [TermExpr]
                ) [PrintStmt]
              ) [MatchedStmt]
            ) [Statements]
            MatchedStmt(
              MatchedDesignatorStatement(
                Assignment(
                  Designator(
                   niz
                    NoDesignatorOptions(
                    ) [NoDesignatorOptions]
                  ) [Designator]
                  TermExpr(
                    Term(
                      FactorNewArrInit(
                        Type(
                         int
                        ) [Type]
                        LsquareNt(
                        ) [LsquareNt]
                        DuzinaNiza(
                          TermExpr(
                            Term(
                              Var(
                                Designator(
                                 IncrementType
                                  DotDesignatorOption(
                                   trojka
                                  ) [DotDesignatorOption]
                                ) [Designator]
                              ) [Var]
                              NoFactor(
                              ) [NoFactor]
                            ) [Term]
                          ) [TermExpr]
                        ) [DuzinaNiza]
                        NewInitListYes(
                          InitListYes(
                            InitListYes(
                              InitListNo(
                                TermExpr(
                                  Term(
                                    Const(
                                     1
                                    ) [Const]
                                    NoFactor(
                                    ) [NoFactor]
                                  ) [Term]
                                ) [TermExpr]
                              ) [InitListNo]
                              TermExpr(
                                Term(
                                  Const(
                                   2
                                  ) [Const]
                                  NoFactor(
                                  ) [NoFactor]
                                ) [Term]
                              ) [TermExpr]
                            ) [InitListYes]
                            TermExpr(
                              Term(
                                Const(
                                 3
                                ) [Const]
                                NoFactor(
                                ) [NoFactor]
                              ) [Term]
                            ) [TermExpr]
                          ) [InitListYes]
                        ) [NewInitListYes]
                      ) [FactorNewArrInit]
                      NoFactor(
                      ) [NoFactor]
                    ) [Term]
                  ) [TermExpr]
                ) [Assignment]
              ) [MatchedDesignatorStatement]
            ) [MatchedStmt]
          ) [Statements]
          MatchedStmt(
            PrintStmt(
              TermExpr(
                Term(
                  Var(
                    Designator(
                     niz
                      SquareDesignatorOption(
                        TermExpr(
                          Term(
                            Const(
                             1
                            ) [Const]
                            NoFactor(
                            ) [NoFactor]
                          ) [Term]
                        ) [TermExpr]
                      ) [SquareDesignatorOption]
                    ) [Designator]
                  ) [Var]
                  NoFactor(
                  ) [NoFactor]
                ) [Term]
              ) [TermExpr]
            ) [PrintStmt]
          ) [MatchedStmt]
        ) [Statements]
        MatchedStmt(
          PrintStmt(
            TermExpr(
              Term(
                Var(
                  Designator(
                   niz
                    SquareDesignatorOption(
                      TermExpr(
                        Term(
                          Const(
                           2
                          ) [Const]
                          NoFactor(
                          ) [NoFactor]
                        ) [Term]
                      ) [TermExpr]
                    ) [SquareDesignatorOption]
                  ) [Designator]
                ) [Var]
                NoFactor(
                ) [NoFactor]
              ) [Term]
            ) [TermExpr]
          ) [PrintStmt]
        ) [MatchedStmt]
      ) [Statements]
    ) [MethodDecl]
  ) [MethodDeclarations]
) [Program]
INFO  17:14:05,635 - Deklarisano nabrajanje IncrementType na liniji 5
INFO  17:14:05,635 - Deklarisan element nabrajanja BY_ONE na liniji 5
INFO  17:14:05,635 - Deklarisan element nabrajanja DOUBLE_VALUE na liniji 5
INFO  17:14:05,635 - Deklarisan element nabrajanja trojka na liniji 5
INFO  17:14:05,635 - Deklarisana konstanta a na liniji 7
INFO  17:14:05,635 - Deklarisana konstanta b na liniji 8
INFO  17:14:05,635 - Deklarisana promenljiva i na liniji 9
INFO  17:14:05,635 - Deklarisan niz niz na liniji 10
INFO  17:14:05,635 - Obradjuje se funkcija main na liniji 13
INFO  17:14:05,635 - Upotreba globalne promenljive niz na liniji 15, Var niz: Arr of int, 1, 0 
INFO  17:14:05,636 - Upotreba globalne konstante a na liniji 15, Con a: int, 2, 0 
INFO  17:14:05,636 - Upotreba globalne promenljive niz na liniji 17, Var niz: Arr of int, 1, 0 
INFO  17:14:05,636 - Upotreba globalne konstante a na liniji 17, Con a: int, 2, 0 
INFO  17:14:05,636 - Upotreba globalne promenljive niz na liniji 19, Var niz: Arr of int, 1, 0 
INFO  17:14:05,636 - Upotreba globalne promenljive niz na liniji 21, Var niz: Arr of int, 1, 0 
INFO  17:14:05,636 - Upotreba elementa niza niz na liniji 21, : int, 1, 0 
INFO  17:14:05,636 - Upotreba konstante DOUBLE_VALUE nabrajanja IncrementType na liniji 23, Type IncrementType: , 0, 0 
INFO  17:14:05,636 - Upotreba globalne promenljive niz na liniji 23, Var niz: Arr of int, 1, 0 
INFO  17:14:05,636 - Upotreba elementa niza niz na liniji 23, : int, 1, 0 
INFO  17:14:05,636 - Upotreba globalne promenljive niz na liniji 24, Var niz: Arr of int, 1, 0 
INFO  17:14:05,636 - Upotreba elementa niza niz na liniji 24, : int, 1, 0 
INFO  17:14:05,636 - Upotreba globalne promenljive niz na liniji 26, Var niz: Arr of int, 1, 0 
INFO  17:14:05,636 - Upotreba konstante trojka nabrajanja IncrementType na liniji 26, Type IncrementType: , 0, 0 
INFO  17:14:05,636 - Upotreba globalne promenljive niz na liniji 27, Var niz: Arr of int, 1, 0 
INFO  17:14:05,636 - Upotreba elementa niza niz na liniji 27, : int, 1, 0 
INFO  17:14:05,636 - Upotreba globalne promenljive niz na liniji 28, Var niz: Arr of int, 1, 0 
INFO  17:14:05,637 - Upotreba elementa niza niz na liniji 28, : int, 1, 0 
INFO  17:14:05,637 - Print calls = 4
INFO  17:14:05,637 - Globalnih promenljivih = 1
INFO  17:14:05,637 - Globalnih konstanti = 2
INFO  17:14:05,637 - Globalnih nizova = 1
INFO  17:14:05,637 - Broj metoda = 1
INFO  17:14:05,637 - Broj enuma = 1
INFO  17:14:05,637 - =====================SYMBOL TABLE DUMP=========================
INFO  17:14:05,637 - 
Type int: int, -1, -1 
Type char: char, -1, -1 
Con eol: char, 10, 0 
Con null: Class [], 0, 0 
Meth chr: char, 0, 1 
   Var i: int, 0, 1 

Meth ord: int, 0, 1 
   Var ch: char, 0, 1 

Meth len: int, 0, 1 
   Var arr: Arr of notype, 0, 1 

Type bool: , -1, -1 
Prog niztest: notype, 0, 1 
   Type IncrementType: , 0, 0 
   Con a: int, 2, 0 
   Con b: int, 3, 0 
   Var i: int, 0, 0 
   Var niz: Arr of int, 1, 0 
   Meth main: notype, 0, 0 



INFO  17:14:05,637 - Generating bytecode file: C:\Users\Dusan\Desktop\pp1lab.templateAST\workspace\MJCompiler\test\program.obj
INFO  17:14:05,642 - Parsiranje uspesno zavrseno!
